Assets\Editor\YAKYS SDK SCRIPTS\Organisation\MaterialMoverTool.cs(177,21): warning CS0618: 'ShaderUtil.GetPropertyCount(Shader)' is obsolete: 'Use Shader.GetPropertyCount instead.'
Assets\Editor\YAKYS SDK SCRIPTS\Organisation\MaterialMoverTool.cs(187,25): warning CS0618: 'ShaderUtil.GetPropertyType(Shader, int)' is obsolete: 'Use Shader.GetPropertyType instead.'
Assets\Editor\YAKYS SDK SCRIPTS\Organisation\MaterialMoverTool.cs(189,25): warning CS0618: 'ShaderUtil.ShaderPropertyType' is obsolete: 'Use UnityEngine.Rendering.ShaderPropertyType instead.'
Assets\Editor\YAKYS SDK SCRIPTS\Organisation\MaterialMoverTool.cs(189,25): warning CS0618: 'ShaderUtil.ShaderPropertyType.TexEnv' is obsolete: 'Use UnityEngine.Rendering.ShaderPropertyType.Texture instead.'
Assets\Editor\YAKYS SDK SCRIPTS\Organisation\MaterialMoverTool.cs(197,25): warning CS0618: 'ShaderUtil.GetPropertyName(Shader, int)' is obsolete: 'Use Shader.GetPropertyName instead.'
Assets\Editor\YAKYS SDK SCRIPTS\Splines\SplineTripleLoftTool.cs(107,19): warning CS0618: 'Object.GetInstanceID()' is obsolete: 'GetInstanceID is deprecated. Use GetEntityId instead. This will be removed in a future version.'
Assets\Editor\YAKYS SDK SCRIPTS\Performance\PerformanceStatsTool.cs(175,17): warning CS0618: 'FindObjectsSortMode' is obsolete: 'FindObjectsSortMode has been deprecated. Use the FindObjectsByType overloads that do not take a FindObjectsSortMode parameter.'
Assets\Editor\YAKYS SDK SCRIPTS\Performance\PerformanceStatsTool.cs(173,13): warning CS0618: 'Object.FindObjectsByType<T>(FindObjectsInactive, FindObjectsSortMode)' is obsolete: 'FindObjectsByType with FindObjectsSortMode parameter has been deprecated. Use FindObjectsByType<T>() or FindObjectsByType<T>(FindObjectsInactive) instead. InstanceID will be replaced in the future with EntityId and previous sort order cannot be maintained.'
Assets\Editor\YAKYS SDK SCRIPTS\Performance\PerformanceStatsTool.cs(208,21): warning CS0618: 'ShaderUtil.GetPropertyCount(Shader)' is obsolete: 'Use Shader.GetPropertyCount instead.'
Assets\Editor\YAKYS SDK SCRIPTS\Performance\PerformanceStatsTool.cs(216,21): warning CS0618: 'ShaderUtil.GetPropertyType(Shader, int)' is obsolete: 'Use Shader.GetPropertyType instead.'
Assets\Editor\YAKYS SDK SCRIPTS\Performance\PerformanceStatsTool.cs(218,21): warning CS0618: 'ShaderUtil.ShaderPropertyType' is obsolete: 'Use UnityEngine.Rendering.ShaderPropertyType instead.'
Assets\Editor\YAKYS SDK SCRIPTS\Performance\PerformanceStatsTool.cs(218,21): warning CS0618: 'ShaderUtil.ShaderPropertyType.TexEnv' is obsolete: 'Use UnityEngine.Rendering.ShaderPropertyType.Texture instead.'
Assets\Editor\YAKYS SDK SCRIPTS\Performance\PerformanceStatsTool.cs(223,29): warning CS0618: 'ShaderUtil.GetPropertyName(Shader, int)' is obsolete: 'Use Shader.GetPropertyName instead.'
Assets\Editor\YAKYS SDK SCRIPTS\Performance\PerformanceStatsTool.cs(259,17): warning CS0618: 'FindObjectsSortMode' is obsolete: 'FindObjectsSortMode has been deprecated. Use the FindObjectsByType overloads that do not take a FindObjectsSortMode parameter.'
Assets\Editor\YAKYS SDK SCRIPTS\Performance\PerformanceStatsTool.cs(257,13): warning CS0618: 'Object.FindObjectsByType<T>(FindObjectsInactive, FindObjectsSortMode)' is obsolete: 'FindObjectsByType with FindObjectsSortMode parameter has been deprecated. Use FindObjectsByType<T>() or FindObjectsByType<T>(FindObjectsInactive) instead. InstanceID will be replaced in the future with EntityId and previous sort order cannot be maintained.'
Assets\Editor\YAKYS SDK SCRIPTS\Performance\PerformanceStatsTool.cs(296,17): warning CS0618: 'FindObjectsSortMode' is obsolete: 'FindObjectsSortMode has been deprecated. Use the FindObjectsByType overloads that do not take a FindObjectsSortMode parameter.'
Assets\Editor\YAKYS SDK SCRIPTS\Performance\PerformanceStatsTool.cs(294,13): warning CS0618: 'Object.FindObjectsByType<T>(FindObjectsInactive, FindObjectsSortMode)' is obsolete: 'FindObjectsByType with FindObjectsSortMode parameter has been deprecated. Use FindObjectsByType<T>() or FindObjectsByType<T>(FindObjectsInactive) instead. InstanceID will be replaced in the future with EntityId and previous sort order cannot be maintained.'
Assets\Editor\YAKYS SDK SCRIPTS\Performance\PerformanceStatsTool.cs(308,17): warning CS0618: 'FindObjectsSortMode' is obsolete: 'FindObjectsSortMode has been deprecated. Use the FindObjectsByType overloads that do not take a FindObjectsSortMode parameter.'
Assets\Editor\YAKYS SDK SCRIPTS\Performance\PerformanceStatsTool.cs(306,13): warning CS0618: 'Object.FindObjectsByType<T>(FindObjectsInactive, FindObjectsSortMode)' is obsolete: 'FindObjectsByType with FindObjectsSortMode parameter has been deprecated. Use FindObjectsByType<T>() or FindObjectsByType<T>(FindObjectsInactive) instead. InstanceID will be replaced in the future with EntityId and previous sort order cannot be maintained.'
Assets\Editor\YAKYS SDK SCRIPTS\Performance\PerformanceStatsTool.cs(322,17): warning CS0618: 'FindObjectsSortMode' is obsolete: 'FindObjectsSortMode has been deprecated. Use the FindObjectsByType overloads that do not take a FindObjectsSortMode parameter.'
Assets\Editor\YAKYS SDK SCRIPTS\Performance\PerformanceStatsTool.cs(320,13): warning CS0618: 'Object.FindObjectsByType<T>(FindObjectsInactive, FindObjectsSortMode)' is obsolete: 'FindObjectsByType with FindObjectsSortMode parameter has been deprecated. Use FindObjectsByType<T>() or FindObjectsByType<T>(FindObjectsInactive) instead. InstanceID will be replaced in the future with EntityId and previous sort order cannot be maintained.'
Assets\Editor\YAKYS SDK SCRIPTS\Performance\PerformanceStatsTool.cs(384,17): warning CS0618: 'FindObjectsSortMode' is obsolete: 'FindObjectsSortMode has been deprecated. Use the FindObjectsByType overloads that do not take a FindObjectsSortMode parameter.'
Assets\Editor\YAKYS SDK SCRIPTS\Performance\PerformanceStatsTool.cs(382,13): warning CS0618: 'Object.FindObjectsByType<T>(FindObjectsInactive, FindObjectsSortMode)' is obsolete: 'FindObjectsByType with FindObjectsSortMode parameter has been deprecated. Use FindObjectsByType<T>() or FindObjectsByType<T>(FindObjectsInactive) instead. InstanceID will be replaced in the future with EntityId and previous sort order cannot be maintained.'
Assets\Editor\YAKYS SDK SCRIPTS\Splines\SplineTripleLoftTool.cs(320,13): warning CS0618: 'Object.GetInstanceID()' is obsolete: 'GetInstanceID is deprecated. Use GetEntityId instead. This will be removed in a future version.'
Assets\Editor\YAKYS SDK SCRIPTS\Splines\SplineTripleLoftTool.cs(390,13): warning CS0618: 'Object.GetInstanceID()' is obsolete: 'GetInstanceID is deprecated. Use GetEntityId instead. This will be removed in a future version.'
Assets\Editor\MGGrassPlayDiagnostics.cs(17,110): warning CS0618: 'FindObjectsSortMode' is obsolete: 'FindObjectsSortMode has been deprecated. Use the FindObjectsByType overloads that do not take a FindObjectsSortMode parameter.'
Assets\Editor\MGGrassPlayDiagnostics.cs(17,33): warning CS0618: 'Object.FindObjectsByType<T>(FindObjectsInactive, FindObjectsSortMode)' is obsolete: 'FindObjectsByType with FindObjectsSortMode parameter has been deprecated. Use FindObjectsByType<T>() or FindObjectsByType<T>(FindObjectsInactive) instead. InstanceID will be replaced in the future with EntityId and previous sort order cannot be maintained.'
Assets\MapiX\TimeGhostTrees\Editor\InstanceGroupRemovalCheck.cs(46,78): warning CS0618: 'FindObjectsSortMode' is obsolete: 'FindObjectsSortMode has been deprecated. Use the FindObjectsByType overloads that do not take a FindObjectsSortMode parameter.'
Assets\MapiX\TimeGhostTrees\Editor\InstanceGroupRemovalCheck.cs(46,26): warning CS0618: 'Object.FindObjectsByType<T>(FindObjectsSortMode)' is obsolete: 'FindObjectsByType with FindObjectsSortMode parameter has been deprecated. Use FindObjectsByType<T>() or FindObjectsByType<T>(FindObjectsInactive) instead. InstanceID will be replaced in the future with EntityId and previous sort order cannot be maintained.'
Assets\MapiX\TimeGhostTrees\Editor\BackgroundCullCheck.cs(17,128): warning CS0618: 'FindObjectsSortMode' is obsolete: 'FindObjectsSortMode has been deprecated. Use the FindObjectsByType overloads that do not take a FindObjectsSortMode parameter.'
Assets\MapiX\TimeGhostTrees\Editor\BackgroundCullCheck.cs(17,52): warning CS0618: 'Object.FindObjectsByType<T>(FindObjectsInactive, FindObjectsSortMode)' is obsolete: 'FindObjectsByType with FindObjectsSortMode parameter has been deprecated. Use FindObjectsByType<T>() or FindObjectsByType<T>(FindObjectsInactive) instead. InstanceID will be replaced in the future with EntityId and previous sort order cannot be maintained.'
Assets\MapiX\TimeGhostTrees\Editor\TimeGhostTreeSetup.cs(122,62): warning CS0618: 'FindObjectsSortMode' is obsolete: 'FindObjectsSortMode has been deprecated. Use the FindObjectsByType overloads that do not take a FindObjectsSortMode parameter.'
Assets\MapiX\TimeGhostTrees\Editor\TimeGhostTreeSetup.cs(122,17): warning CS0618: 'Object.FindObjectsByType<T>(FindObjectsSortMode)' is obsolete: 'FindObjectsByType with FindObjectsSortMode parameter has been deprecated. Use FindObjectsByType<T>() or FindObjectsByType<T>(FindObjectsInactive) instead. InstanceID will be replaced in the future with EntityId and previous sort order cannot be maintained.'
Assets\MapiX\TimeGhostGrass\Editor\TimeGhostGrassSetup.cs(76,62): warning CS0618: 'FindObjectsSortMode' is obsolete: 'FindObjectsSortMode has been deprecated. Use the FindObjectsByType overloads that do not take a FindObjectsSortMode parameter.'
Assets\MapiX\TimeGhostGrass\Editor\TimeGhostGrassSetup.cs(76,17): warning CS0618: 'Object.FindObjectsByType<T>(FindObjectsSortMode)' is obsolete: 'FindObjectsByType with FindObjectsSortMode parameter has been deprecated. Use FindObjectsByType<T>() or FindObjectsByType<T>(FindObjectsInactive) instead. InstanceID will be replaced in the future with EntityId and previous sort order cannot be maintained.'
D:\mashbox-sdk\com.mg.mashbox.sdk\Editor\Maps\Instancer\InstanceGroupStatusEditor.cs(112,100): warning CS0618: 'FindObjectsSortMode' is obsolete: 'FindObjectsSortMode has been deprecated. Use the FindObjectsByType overloads that do not take a FindObjectsSortMode parameter.'
D:\mashbox-sdk\com.mg.mashbox.sdk\Editor\Maps\Instancer\InstanceGroupStatusEditor.cs(112,31): warning CS0618: 'Object.FindObjectsByType<T>(FindObjectsInactive, FindObjectsSortMode)' is obsolete: 'FindObjectsByType with FindObjectsSortMode parameter has been deprecated. Use FindObjectsByType<T>() or FindObjectsByType<T>(FindObjectsInactive) instead. InstanceID will be replaced in the future with EntityId and previous sort order cannot be maintained.'
Assets\Maps\Cotswold Ridge\[06] SCRIPTS\PolygonPi\FenceLayout\Editor\FenceLayoutEditor.cs(218,16): warning CS0618: 'Object.FindObjectsOfType<T>()' is obsolete: 'Object.FindObjectsOfType has been deprecated. Use Object.FindObjectsByType instead which lets you decide whether you need the results sorted or not.  FindObjectsOfType sorts the results by InstanceID but if you do not need this using FindObjectSortMode.None is considerably faster.'
Assets\MapiX\TimeGhostTrees\Editor\TimeGhostMGPalette.cs(46,75): warning CS0618: 'FindObjectsSortMode' is obsolete: 'FindObjectsSortMode has been deprecated. Use the FindObjectsByType overloads that do not take a FindObjectsSortMode parameter.'
Assets\MapiX\TimeGhostTrees\Editor\TimeGhostMGPalette.cs(46,27): warning CS0618: 'Object.FindObjectsByType<T>(FindObjectsSortMode)' is obsolete: 'FindObjectsByType with FindObjectsSortMode parameter has been deprecated. Use FindObjectsByType<T>() or FindObjectsByType<T>(FindObjectsInactive) instead. InstanceID will be replaced in the future with EntityId and previous sort order cannot be maintained.'
Assets\Editor\nTools\UVInspector\Scripts\Editor\UVInspector.cs(1346,33): warning CS0618: 'ShaderUtil.GetPropertyCount(Shader)' is obsolete: 'Use Shader.GetPropertyCount instead.'
Assets\Editor\nTools\UVInspector\Scripts\Editor\UVInspector.cs(1350,20): warning CS0618: 'ShaderUtil.GetPropertyType(Shader, int)' is obsolete: 'Use Shader.GetPropertyType instead.'
Assets\Editor\nTools\UVInspector\Scripts\Editor\UVInspector.cs(1350,61): warning CS0618: 'ShaderUtil.ShaderPropertyType' is obsolete: 'Use UnityEngine.Rendering.ShaderPropertyType instead.'
Assets\Editor\nTools\UVInspector\Scripts\Editor\UVInspector.cs(1350,61): warning CS0618: 'ShaderUtil.ShaderPropertyType.TexEnv' is obsolete: 'Use UnityEngine.Rendering.ShaderPropertyType.Texture instead.'
Assets\Editor\nTools\UVInspector\Scripts\Editor\UVInspector.cs(1351,20): warning CS0618: 'ShaderUtil.IsShaderPropertyHidden(Shader, int)' is obsolete: 'Use Shader.GetPropertyFlags and test against ShaderPropertyFlags.HideInInspector instead.'
Assets\Editor\nTools\UVInspector\Scripts\Editor\UVInspector.cs(1353,43): warning CS0618: 'ShaderUtil.GetPropertyName(Shader, int)' is obsolete: 'Use Shader.GetPropertyName instead.'
Assets\MapiX\TimeGhostTrees\Editor\BackgroundPerformanceEditor.cs(43,90): warning CS0618: 'Object.FindFirstObjectByType<T>()' is obsolete: 'FindFirstObjectByType has been deprecated because it relies on instance ID ordering. Use FindAnyObjectByType instead, which does not depend on ordering.'
Assets\MapiX\TimeGhostTrees\Editor\BackgroundPerformanceEditor.cs(115,25): warning CS0618: 'Object.FindFirstObjectByType<T>()' is obsolete: 'FindFirstObjectByType has been deprecated because it relies on instance ID ordering. Use FindAnyObjectByType instead, which does not depend on ordering.'
D:\mashbox-sdk\com.mg.mashbox.sdk\Editor\Maps\MBGameplayGizmoOverlay.cs(734,98): warning CS0618: 'FindObjectsSortMode' is obsolete: 'FindObjectsSortMode has been deprecated. Use the FindObjectsByType overloads that do not take a FindObjectsSortMode parameter.'
D:\mashbox-sdk\com.mg.mashbox.sdk\Editor\Maps\MBGameplayGizmoOverlay.cs(734,37): warning CS0618: 'Object.FindObjectsByType<T>(FindObjectsInactive, FindObjectsSortMode)' is obsolete: 'FindObjectsByType with FindObjectsSortMode parameter has been deprecated. Use FindObjectsByType<T>() or FindObjectsByType<T>(FindObjectsInactive) instead. InstanceID will be replaced in the future with EntityId and previous sort order cannot be maintained.'
Assets\Editor\YAKYS SDK SCRIPTS\Trail Building\SplineWoodenPlatformTool.cs(2881,21): warning CS0618: 'Object.GetInstanceID()' is obsolete: 'GetInstanceID is deprecated. Use GetEntityId instead. This will be removed in a future version.'
Assets\Editor\YAKYS SDK SCRIPTS\Trail Building\SplineWoodenPlatformTool.cs(3240,23): warning CS0618: 'Object.GetInstanceID()' is obsolete: 'GetInstanceID is deprecated. Use GetEntityId instead. This will be removed in a future version.'
D:\mashbox-sdk\com.mg.mashbox.sdk\Editor\Maps\MBEditorToolState.cs(343,17): warning CS0618: 'FindObjectsSortMode' is obsolete: 'FindObjectsSortMode has been deprecated. Use the FindObjectsByType overloads that do not take a FindObjectsSortMode parameter.'
D:\mashbox-sdk\com.mg.mashbox.sdk\Editor\Maps\MBEditorToolState.cs(341,39): warning CS0618: 'Object.FindObjectsByType<T>(FindObjectsInactive, FindObjectsSortMode)' is obsolete: 'FindObjectsByType with FindObjectsSortMode parameter has been deprecated. Use FindObjectsByType<T>() or FindObjectsByType<T>(FindObjectsInactive) instead. InstanceID will be replaced in the future with EntityId and previous sort order cannot be maintained.'
D:\mashbox-sdk\com.mg.mashbox.sdk\Editor\Maps\MGBrushWindow.cs(384,41): warning CS0618: 'Object.GetInstanceID()' is obsolete: 'GetInstanceID is deprecated. Use GetEntityId instead. This will be removed in a future version.'
D:\mashbox-sdk\com.mg.mashbox.sdk\Editor\Maps\MGTerrainEditor.Prototypes.cs(283,32): warning CS0618: 'SerializedProperty.objectReferenceInstanceIDValue' is obsolete: 'objectReferenceInstanceIDValue is obsolete. Use objectReferenceEntityIdValue instead'
D:\mashbox-sdk\com.mg.mashbox.sdk\Editor\Maps\Sculpting\MeshSculptWindow.cs(1157,68): warning CS0618: 'FindObjectsSortMode' is obsolete: 'FindObjectsSortMode has been deprecated. Use the FindObjectsByType overloads that do not take a FindObjectsSortMode parameter.'
D:\mashbox-sdk\com.mg.mashbox.sdk\Editor\Maps\Sculpting\MeshSculptWindow.cs(1157,32): warning CS0618: 'Object.FindObjectsByType<T>(FindObjectsSortMode)' is obsolete: 'FindObjectsByType with FindObjectsSortMode parameter has been deprecated. Use FindObjectsByType<T>() or FindObjectsByType<T>(FindObjectsInactive) instead. InstanceID will be replaced in the future with EntityId and previous sort order cannot be maintained.'
D:\mashbox-sdk\com.mg.mashbox.sdk\Editor\Maps\Sculpting\MeshSculptWindow.cs(1263,91): warning CS0618: 'FindObjectsSortMode' is obsolete: 'FindObjectsSortMode has been deprecated. Use the FindObjectsByType overloads that do not take a FindObjectsSortMode parameter.'
D:\mashbox-sdk\com.mg.mashbox.sdk\Editor\Maps\Sculpting\MeshSculptWindow.cs(1263,55): warning CS0618: 'Object.FindObjectsByType<T>(FindObjectsSortMode)' is obsolete: 'FindObjectsByType with FindObjectsSortMode parameter has been deprecated. Use FindObjectsByType<T>() or FindObjectsByType<T>(FindObjectsInactive) instead. InstanceID will be replaced in the future with EntityId and previous sort order cannot be maintained.'
D:\mashbox-sdk\com.mg.mashbox.sdk\Editor\Maps\Sculpting\MeshSculptWindow.cs(1265,101): warning CS0618: 'FindObjectsSortMode' is obsolete: 'FindObjectsSortMode has been deprecated. Use the FindObjectsByType overloads that do not take a FindObjectsSortMode parameter.'
D:\mashbox-sdk\com.mg.mashbox.sdk\Editor\Maps\Sculpting\MeshSculptWindow.cs(1265,59): warning CS0618: 'Object.FindObjectsByType<T>(FindObjectsSortMode)' is obsolete: 'FindObjectsByType with FindObjectsSortMode parameter has been deprecated. Use FindObjectsByType<T>() or FindObjectsByType<T>(FindObjectsInactive) instead. InstanceID will be replaced in the future with EntityId and previous sort order cannot be maintained.'
D:\mashbox-sdk\com.mg.mashbox.sdk\Editor\Maps\MGTerrainEditor.cs(514,102): warning CS0618: 'FindObjectsSortMode' is obsolete: 'FindObjectsSortMode has been deprecated. Use the FindObjectsByType overloads that do not take a FindObjectsSortMode parameter.'
D:\mashbox-sdk\com.mg.mashbox.sdk\Editor\Maps\MGTerrainEditor.cs(514,25): warning CS0618: 'Object.FindObjectsByType<T>(FindObjectsSortMode)' is obsolete: 'FindObjectsByType with FindObjectsSortMode parameter has been deprecated. Use FindObjectsByType<T>() or FindObjectsByType<T>(FindObjectsInactive) instead. InstanceID will be replaced in the future with EntityId and previous sort order cannot be maintained.'
D:\mashbox-sdk\com.mg.mashbox.sdk\Editor\Maps\MGBrushWindow.cs(3236,17): warning CS0618: 'FindObjectsSortMode' is obsolete: 'FindObjectsSortMode has been deprecated. Use the FindObjectsByType overloads that do not take a FindObjectsSortMode parameter.'
D:\mashbox-sdk\com.mg.mashbox.sdk\Editor\Maps\MGBrushWindow.cs(3234,39): warning CS0618: 'Object.FindObjectsByType<T>(FindObjectsInactive, FindObjectsSortMode)' is obsolete: 'FindObjectsByType with FindObjectsSortMode parameter has been deprecated. Use FindObjectsByType<T>() or FindObjectsByType<T>(FindObjectsInactive) instead. InstanceID will be replaced in the future with EntityId and previous sort order cannot be maintained.'
D:\mashbox-sdk\com.mg.mashbox.sdk\Editor\Maps\MGTerrainEditor.cs(1141,130): warning CS0618: 'FindObjectsSortMode' is obsolete: 'FindObjectsSortMode has been deprecated. Use the FindObjectsByType overloads that do not take a FindObjectsSortMode parameter.'
D:\mashbox-sdk\com.mg.mashbox.sdk\Editor\Maps\MGTerrainEditor.cs(1141,39): warning CS0618: 'Object.FindObjectsByType<T>(FindObjectsInactive, FindObjectsSortMode)' is obsolete: 'FindObjectsByType with FindObjectsSortMode parameter has been deprecated. Use FindObjectsByType<T>() or FindObjectsByType<T>(FindObjectsInactive) instead. InstanceID will be replaced in the future with EntityId and previous sort order cannot be maintained.'
D:\mashbox-sdk\com.mg.mashbox.sdk\Editor\Maps\MGTerrainEditor.cs(1150,93): warning CS0618: 'FindObjectsSortMode' is obsolete: 'FindObjectsSortMode has been deprecated. Use the FindObjectsByType overloads that do not take a FindObjectsSortMode parameter.'
D:\mashbox-sdk\com.mg.mashbox.sdk\Editor\Maps\MGTerrainEditor.cs(1150,49): warning CS0618: 'Object.FindObjectsByType<T>(FindObjectsSortMode)' is obsolete: 'FindObjectsByType with FindObjectsSortMode parameter has been deprecated. Use FindObjectsByType<T>() or FindObjectsByType<T>(FindObjectsInactive) instead. InstanceID will be replaced in the future with EntityId and previous sort order cannot be maintained.'
D:\mashbox-sdk\com.mg.mashbox.sdk\Editor\Maps\MGTerrainEditor.cs(1253,117): warning CS0618: 'FindObjectsSortMode' is obsolete: 'FindObjectsSortMode has been deprecated. Use the FindObjectsByType overloads that do not take a FindObjectsSortMode parameter.'
D:\mashbox-sdk\com.mg.mashbox.sdk\Editor\Maps\MGTerrainEditor.cs(1253,57): warning CS0618: 'Object.FindObjectsByType<T>(FindObjectsSortMode)' is obsolete: 'FindObjectsByType with FindObjectsSortMode parameter has been deprecated. Use FindObjectsByType<T>() or FindObjectsByType<T>(FindObjectsInactive) instead. InstanceID will be replaced in the future with EntityId and previous sort order cannot be maintained.'
D:\mashbox-sdk\com.mg.mashbox.sdk\Editor\Maps\Spline\MultiSplineLoftEditor.cs(701,14): warning CS0414: The field 'MultiSplineLoftWindow.m_SplineEditActivationQueued' is assigned but its value is never used
D:\mashbox-sdk\com.mg.mashbox.sdk\Editor\Maps\MGBrushWindow.cs(165,22): warning CS0414: The field 'MGBrushWindow.splatUndoRegistered' is assigned but its value is never used
Assets\Editor\YAKYS SDK SCRIPTS\Lighting\LightProbePlacementTool.cs(12,18): warning CS0414: The field 'LightProbePlacementTool.hasPreviewPosition' is assigned but its value is never used
