D:\mashbox-sdk\com.mg.mashbox.sdk\Runtime\Utility\RuntimeMeshCombiner.cs(735,25): warning CS0108: 'RuntimeMeshCombiner.DestroyObject(Object)' hides inherited member 'Object.DestroyObject(Object)'. Use the new keyword if hiding was intended.
D:\mashbox-sdk\com.mg.mashbox.sdk\Runtime\Maps\Rendering\Instancer\InstancingManager.cs(17,32): warning CS0618: 'Object.FindObjectOfType<T>()' is obsolete: 'Object.FindObjectOfType has been deprecated. Use Object.FindAnyObjectByType instead.'
D:\mashbox-sdk\com.mg.mashbox.sdk\Runtime\Maps\MBRace.cs(82,64): warning CS0618: 'ChangeGameObjectOrComponentPropertiesEventArgs.instanceId' is obsolete: 'instanceId is deprecated. Use entityId instead.'
D:\mashbox-sdk\com.mg.mashbox.sdk\Runtime\Maps\MBRace.cs(82,31): warning CS0618: 'EditorUtility.InstanceIDToObject(int)' is obsolete: 'InstanceIDToObject(int) is obsolete. Use EditorUtility.EntityIdToObject instead.'
D:\mashbox-sdk\com.mg.mashbox.sdk\Runtime\Maps\MBWorldBorderWall.cs(66,34): warning CS0618: 'Object.FindObjectsOfType<T>()' is obsolete: 'Object.FindObjectsOfType has been deprecated. Use Object.FindObjectsByType instead which lets you decide whether you need the results sorted or not.  FindObjectsOfType sorts the results by InstanceID but if you do not need this using FindObjectSortMode.None is considerably faster.'
D:\mashbox-sdk\com.mg.mashbox.sdk\Runtime\Maps\Terrain\Interaction\MGGrassInteractor.cs(36,79): warning CS0618: 'FindObjectsSortMode' is obsolete: 'FindObjectsSortMode has been deprecated. Use the FindObjectsByType overloads that do not take a FindObjectsSortMode parameter.'
D:\mashbox-sdk\com.mg.mashbox.sdk\Runtime\Maps\Terrain\Interaction\MGGrassInteractor.cs(36,35): warning CS0618: 'Object.FindObjectsByType<T>(FindObjectsSortMode)' is obsolete: 'FindObjectsByType with FindObjectsSortMode parameter has been deprecated. Use FindObjectsByType<T>() or FindObjectsByType<T>(FindObjectsInactive) instead. InstanceID will be replaced in the future with EntityId and previous sort order cannot be maintained.'
D:\mashbox-sdk\com.mg.mashbox.sdk\Runtime\Maps\Terrain\Interaction\MGGrassInteractionMap.cs(67,76): warning CS0618: 'FindObjectsSortMode' is obsolete: 'FindObjectsSortMode has been deprecated. Use the FindObjectsByType overloads that do not take a FindObjectsSortMode parameter.'
D:\mashbox-sdk\com.mg.mashbox.sdk\Runtime\Maps\Terrain\Interaction\MGGrassInteractionMap.cs(67,35): warning CS0618: 'Object.FindObjectsByType<T>(FindObjectsSortMode)' is obsolete: 'FindObjectsByType with FindObjectsSortMode parameter has been deprecated. Use FindObjectsByType<T>() or FindObjectsByType<T>(FindObjectsInactive) instead. InstanceID will be replaced in the future with EntityId and previous sort order cannot be maintained.'
D:\mashbox-sdk\com.mg.mashbox.sdk\Runtime\Maps\Terrain\Interaction\MGGrassInteractionMap.cs(71,81): warning CS0618: 'FindObjectsSortMode' is obsolete: 'FindObjectsSortMode has been deprecated. Use the FindObjectsByType overloads that do not take a FindObjectsSortMode parameter.'
D:\mashbox-sdk\com.mg.mashbox.sdk\Runtime\Maps\Terrain\Interaction\MGGrassInteractionMap.cs(71,33): warning CS0618: 'Object.FindObjectsByType<T>(FindObjectsSortMode)' is obsolete: 'FindObjectsByType with FindObjectsSortMode parameter has been deprecated. Use FindObjectsByType<T>() or FindObjectsByType<T>(FindObjectsInactive) instead. InstanceID will be replaced in the future with EntityId and previous sort order cannot be maintained.'
D:\mashbox-sdk\com.mg.mashbox.sdk\Runtime\Utility\RuntimeMeshCombiner.cs(50,118): warning CS0618: 'FindObjectsSortMode' is obsolete: 'FindObjectsSortMode has been deprecated. Use the FindObjectsByType overloads that do not take a FindObjectsSortMode parameter.'
D:\mashbox-sdk\com.mg.mashbox.sdk\Runtime\Utility\RuntimeMeshCombiner.cs(50,50): warning CS0618: 'Object.FindObjectsByType<T>(FindObjectsInactive, FindObjectsSortMode)' is obsolete: 'FindObjectsByType with FindObjectsSortMode parameter has been deprecated. Use FindObjectsByType<T>() or FindObjectsByType<T>(FindObjectsInactive) instead. InstanceID will be replaced in the future with EntityId and previous sort order cannot be maintained.'
D:\mashbox-sdk\com.mg.mashbox.sdk\Runtime\Maps\Spline\MBSplineMeshGenerator.cs(283,21): warning CS0162: Unreachable code detected
D:\mashbox-sdk\com.mg.mashbox.sdk\Runtime\Maps\Spline\MBSplineMeshGenerator.cs(413,21): warning CS0162: Unreachable code detected
D:\mashbox-sdk\com.mg.mashbox.sdk\Runtime\Maps\Spline\MBSplineMeshGenerator.cs(276,23): warning CS0219: The variable 'UVMiterAccum' is assigned but its value is never used
D:\mashbox-sdk\com.mg.mashbox.sdk\Runtime\Maps\Terrain\MGTerrain.BRG.cs(1389,24): warning CS0618: 'BatchPackedCullingViewID.GetInstanceID()' is obsolete: 'GetInstanceID() is obsolete, use GetEntityId() instead.'
D:\mashbox-sdk\com.mg.mashbox.sdk\Runtime\Maps\Terrain\MGTerrain.BRG.cs(1389,65): warning CS0618: 'Object.GetInstanceID()' is obsolete: 'GetInstanceID is deprecated. Use GetEntityId instead. This will be removed in a future version.'
D:\mashbox-sdk\com.mg.mashbox.sdk\Runtime\Maps\Terrain\MGTerrain.Details.cs(2029,17): warning CS0618: 'Object.GetInstanceID()' is obsolete: 'GetInstanceID is deprecated. Use GetEntityId instead. This will be removed in a future version.'
D:\mashbox-sdk\com.mg.mashbox.sdk\Runtime\Maps\Terrain\MGTerrain.Details.cs(2049,41): warning CS0618: 'Object.GetInstanceID()' is obsolete: 'GetInstanceID is deprecated. Use GetEntityId instead. This will be removed in a future version.'
D:\mashbox-sdk\com.mg.mashbox.sdk\Runtime\Maps\Terrain\MGTerrain.Details.cs(2289,45): warning CS0618: 'Object.GetInstanceID()' is obsolete: 'GetInstanceID is deprecated. Use GetEntityId instead. This will be removed in a future version.'
Assets\.terrain-perf-work~\package\Runtime\Maps\Terrain\MGTerrain.SurfaceTiles.cs(420,69): warning CS0618: 'Object.GetInstanceID()' is obsolete: 'GetInstanceID is deprecated. Use GetEntityId instead. This will be removed in a future version.'
Assets\.terrain-perf-work~\package\Runtime\Maps\Terrain\MGTerrain.SurfaceTiles.cs(421,87): warning CS0618: 'Object.GetInstanceID()' is obsolete: 'GetInstanceID is deprecated. Use GetEntityId instead. This will be removed in a future version.'
D:\mashbox-sdk\com.mg.mashbox.sdk\Runtime\Maps\Terrain\MGTerrain.cs(965,45): warning CS0618: 'Object.GetInstanceID()' is obsolete: 'GetInstanceID is deprecated. Use GetEntityId instead. This will be removed in a future version.'
D:\mashbox-sdk\com.mg.mashbox.sdk\Runtime\Maps\Terrain\MGTerrain.cs(1026,53): warning CS0618: 'BatchPackedCullingViewID.GetInstanceID()' is obsolete: 'GetInstanceID() is obsolete, use GetEntityId() instead.'
D:\mashbox-sdk\com.mg.mashbox.sdk\Runtime\Maps\Terrain\MGTerrain.cs(1203,28): warning CS0618: 'Object.GetInstanceID()' is obsolete: 'GetInstanceID is deprecated. Use GetEntityId instead. This will be removed in a future version.'
D:\mashbox-sdk\com.mg.mashbox.sdk\Runtime\Maps\Terrain\MGTerrainWorld.BRG.cs(146,20): warning CS0618: 'BatchPackedCullingViewID.GetInstanceID()' is obsolete: 'GetInstanceID() is obsolete, use GetEntityId() instead.'
D:\mashbox-sdk\com.mg.mashbox.sdk\Runtime\Maps\Terrain\MGTerrainWorld.BRG.cs(146,54): warning CS0618: 'Object.GetInstanceID()' is obsolete: 'GetInstanceID is deprecated. Use GetEntityId instead. This will be removed in a future version.'
D:\mashbox-sdk\com.mg.mashbox.sdk\Runtime\Maps\Audio\MBPhysicsAudioEventEmitter.cs(30,39): warning CS0414: The field 'MBPhysicsAudioEventEmitter.startContinuousEventOnStart' is assigned but its value is never used
D:\mashbox-sdk\com.mg.mashbox.sdk\Runtime\Maps\Audio\MBSimpleFmodEventAudio.cs(24,39): warning CS0414: The field 'MBSimpleFmodEventAudio.allowFadeOutOnStop' is assigned but its value is never used
D:\mashbox-sdk\com.mg.mashbox.sdk\Runtime\Maps\MBExpertLine.cs(24,56): warning CS0414: The field 'MBExpertLine.allowGroundedTouches' is assigned but its value is never used
D:\mashbox-sdk\com.mg.mashbox.sdk\Runtime\Maps\Audio\MBSimpleFmodEventAudio.cs(27,39): warning CS0414: The field 'MBSimpleFmodEventAudio.updatePositionWhilePlaying' is assigned but its value is never used
D:\mashbox-sdk\com.mg.mashbox.sdk\Runtime\Maps\Audio\MBPhysicsAudioEventEmitter.cs(28,41): warning CS0414: The field 'MBPhysicsAudioEventEmitter.continuousParameterName' is assigned but its value is never used
D:\mashbox-sdk\com.mg.mashbox.sdk\Runtime\Maps\Audio\MBSimpleFmodBankLoader.cs(14,39): warning CS0414: The field 'MBSimpleFmodBankLoader.loadSamples' is assigned but its value is never used
D:\mashbox-sdk\com.mg.mashbox.sdk\Runtime\Maps\Audio\MBSimpleFmodEventAudio.cs(15,40): warning CS0414: The field 'MBSimpleFmodEventAudio.volume' is assigned but its value is never used
D:\mashbox-sdk\com.mg.mashbox.sdk\Runtime\Maps\MBFourCross.cs(12,55): warning CS0414: The field 'MBFourCross.minimumRiders' is assigned but its value is never used
